// Jest Snapshot v1, https://jestjs.io/docs/snapshot-testing

exports[`scope-coverage-matrix snapshot of route → method → scope mapping (catches accidental drift) 1`] = `
[
  "AnalyticsIntegrationController DELETE /:id → delete [session_token]",
  "AnalyticsIntegrationController GET  → read [session_token]",
  "AnalyticsIntegrationController PATCH /:id → update [session_token]",
  "AnalyticsIntegrationController POST  → write [session_token]",
  "AnalyticsIntegrationController POST /:id/test → read (override) [session_token]",
  "ApiKeyController DELETE /:id → delete [session_token]",
  "ApiKeyController GET  → read [session_token]",
  "ApiKeyController PATCH /:id → update [session_token]",
  "ApiKeyController POST  → write [session_token]",
  "BillingController GET /subscription → read [session_token]",
  "BillingController POST /checkout-session → write [session_token]",
  "BillingController POST /portal-session → write [session_token]",
  "ConfigTemplateController DELETE /:id → delete",
  "ConfigTemplateController GET  → read",
  "ConfigTemplateController GET /:id → read",
  "ConfigTemplateController GET /predefined → read",
  "ConfigTemplateController PATCH /:id → update",
  "ConfigTemplateController POST  → write",
  "ConfigTemplateController POST /:id/duplicate → write",
  "CustomDomainController DELETE /:id → delete [session_token]",
  "CustomDomainController GET  → read [session_token]",
  "CustomDomainController GET /:id → read [session_token]",
  "CustomDomainController GET /:id/setup-instructions → read [session_token]",
  "CustomDomainController GET /default → read [session_token]",
  "CustomDomainController GET /resolve → read",
  "CustomDomainController POST  → write [session_token]",
  "CustomDomainController POST /:id/set-default → update (override) [session_token]",
  "CustomDomainController POST /:id/verify → update (override) [session_token]",
  "CustomDomainController POST /clear-default → update (override) [session_token]",
  "QrCodeController DELETE /:id → delete",
  "QrCodeController GET  → read",
  "QrCodeController GET /:id → read",
  "QrCodeController GET /:id/download → read",
  "QrCodeController GET /screenshot → read [session_token]",
  "QrCodeController PATCH /:id → update",
  "QrCodeController POST  → write",
  "QrCodeController POST /:id/duplicate → write",
  "QrCodeController POST /bulk-import → write",
  "QrCodeController POST /render → read (override) [session_token]",
  "QrCodeShareController DELETE /:id/share → delete",
  "QrCodeShareController GET /:id/share → read",
  "QrCodeShareController PATCH /:id/share → update",
  "QrCodeShareController POST /:id/share → write",
  "ShortUrlController DELETE /:shortCode → delete",
  "ShortUrlController GET  → read",
  "ShortUrlController GET /:shortCode → read [session_token]",
  "ShortUrlController GET /:shortCode/analytics → read",
  "ShortUrlController GET /:shortCode/detail → read",
  "ShortUrlController GET /:shortCode/get-views → read",
  "ShortUrlController GET /reserved → read",
  "ShortUrlController PATCH /:shortCode → update",
  "ShortUrlController PATCH /:shortCode/toggle-active-state → update",
  "ShortUrlController POST  → write",
  "ShortUrlController POST /:shortCode/duplicate → write",
  "ShortUrlController POST /:shortCode/record-scan → write [session_token]",
  "TagController DELETE /:id → delete",
  "TagController GET  → read",
  "TagController PATCH /:id → update",
  "TagController POST  → write",
  "TagController PUT /qr-code/:id → update",
  "TagController PUT /short-url/:id → update",
  "UserSurveyController GET /status → read [session_token]",
  "UserSurveyController POST  → write [session_token]",
]
`;
